=== rvt-t on GPU1 (gpu free 13655 / 23734 MiB, host free 97487 MiB) 01:55:50Z

==========
== CUDA ==
==========

CUDA Version 12.8.1

Container image Copyright (c) 2016-2023, NVIDIA CORPORATION & AFFILIATES. All rights reserved.

This container image and its contents are governed by the NVIDIA Deep Learning Container License.
By pulling and using the container, you accept the terms and conditions of this license:
https://developer.nvidia.com/ngc/nvidia-deep-learning-container-license

A copy of this license is made available in this container at /NGC-DL-CONTAINER-LICENSE for your convenience.

rvt-t: 4.41M params, one window per call
/usr/local/lib/python3.10/dist-packages/torch/functional.py:554: UserWarning: torch.meshgrid: in an upcoming release, it will be required to pass the indexing argument. (Triggered internally at /pytorch/aten/src/ATen/native/TensorShape.cpp:4314.)
  return _VF.meshgrid(tensors, **kwargs)  # type: ignore[attr-defined]
  25 seqs, 1100 frames, 3097 dets
  50 seqs, 2432 frames, 6784 dets
  75 seqs, 4006 frames, 12020 dets
  100 seqs, 4497 frames, 12898 dets
  150 seqs, 5352 frames, 14241 dets
  175 seqs, 5774 frames, 14906 dets
  200 seqs, 6191 frames, 15582 dets
  225 seqs, 7172 frames, 17406 dets
  250 seqs, 9648 frames, 27651 dets
  275 seqs, 10832 frames, 33871 dets
  300 seqs, 13196 frames, 45804 dets
  325 seqs, 14486 frames, 53208 dets
  350 seqs, 15858 frames, 63880 dets
  375 seqs, 16730 frames, 68602 dets
  400 seqs, 17321 frames, 70883 dets
  425 seqs, 19364 frames, 80964 dets

WROTE /work/experiments/e51_ranking/dets-rvt-t.npz  frames 20296  dets 86788  gt 40698
== Timing statistics ==
rvt-t exit=0
=== rvt-s on GPU1 (gpu free 15357 / 17084 MiB, host free 109493 MiB) 03:39:22Z

==========
== CUDA ==
==========

CUDA Version 12.8.1

Container image Copyright (c) 2016-2023, NVIDIA CORPORATION & AFFILIATES. All rights reserved.

This container image and its contents are governed by the NVIDIA Deep Learning Container License.
By pulling and using the container, you accept the terms and conditions of this license:
https://developer.nvidia.com/ngc/nvidia-deep-learning-container-license

A copy of this license is made available in this container at /NGC-DL-CONTAINER-LICENSE for your convenience.

rvt-s: 9.87M params, one window per call
/usr/local/lib/python3.10/dist-packages/torch/functional.py:554: UserWarning: torch.meshgrid: in an upcoming release, it will be required to pass the indexing argument. (Triggered internally at /pytorch/aten/src/ATen/native/TensorShape.cpp:4314.)
  return _VF.meshgrid(tensors, **kwargs)  # type: ignore[attr-defined]
  25 seqs, 1100 frames, 4023 dets
  50 seqs, 2432 frames, 8682 dets
  75 seqs, 4006 frames, 15597 dets
  100 seqs, 4497 frames, 17253 dets
  150 seqs, 5352 frames, 19521 dets
  175 seqs, 5774 frames, 20534 dets
  200 seqs, 6191 frames, 21471 dets
  225 seqs, 7172 frames, 23843 dets
  250 seqs, 9648 frames, 36149 dets
  275 seqs, 10832 frames, 42832 dets
