model         operator            params     n   centroid      CV  max/min  older %
rvt-t         ConvLSTM             4.41M   480    -23.810  0.1313     1.52     48.6
rvt-s         ConvLSTM             9.87M   480    -23.981  0.1144     1.47     48.8
rvt-b         ConvLSTM            18.54M   480    -24.133  0.1002     1.40     49.2
s5vit-small   S5 state space       9.68M   288    -23.758  0.1007     1.42     46.7
s5vit-base    S5 state space      18.19M   288    -24.723  0.0784     1.27     50.8

all 5 released checkpoints span -24.72 to -23.76 = 0.96 ms, against a uniform-weight reference of -25.00 ms
  ConvLSTM family -24.13 to -23.81   S5 family -24.72 to -23.76   difference of the family means -0.27 ms

WROTE experiments/e47_ssm/macros.tex

%% ===== E47/E48 measured 2026-09-08 (experiments/e47_ssm, experiments/e48_matched_frames):
%% the newest-window bin arm on TWO architectures over the same 12 Gen1 validation
%% sequences and the same frames. SSM-ViT (Zubic et al., CVPR 2024) is a fork of the RVT
%% repository in which each stage's ConvLSTM is replaced by an S5 state space layer; it
%% distributes RVT's own preprocessed Gen1 and builds its window boundaries with the same
%% line of the same script. Both released checkpoints load with 0 missing and 0 unexpected
%% keys. E48 re-runs RVT's three capacities on E47's frames so the two families are
%% measured on identical samples; its rvt-t agrees with E45. SSM-ViT is driven the way its
%% released evaluation drives it, a chunk of windows at a time with the detection head
%% applied per position, and measured at positions carrying half a chunk of history or more
%% (E47b); the one-window-at-a-time convention is withdrawn, see withdrawn_L1/WHY.md.
\newcommand{\archCkpts}{5}            %% released checkpoints measured
\newcommand{\archOther}{4}            %% the ones Fig. 2a draws besides rvt-t
\newcommand{\archSpan}{0.96}       %% ms, range of all their centroids
\newcommand{\archLo}{\ensuremath{-24.72}}   \newcommand{\archHi}{\ensuremath{-23.76}}
\newcommand{\ssmParamsS}{9.68}  \newcommand{\ssmParamsB}{18.19}
\newcommand{\ssmBinS}{\ensuremath{-23.76}}
\newcommand{\ssmBinB}{\ensuremath{-24.72}}
\newcommand{\mfBinT}{\ensuremath{-23.81}}
\newcommand{\mfBinS}{\ensuremath{-23.98}}
\newcommand{\mfBinB}{\ensuremath{-24.13}}
\newcommand{\archSamples}{480}          %% samples per RVT checkpoint
\newcommand{\archSamplesSsm}{288}       %% samples per SSM-ViT checkpoint:
                                           %% fewer, because only chunk positions carrying
                                           %% half a chunk of history or more are used
\newcommand{\archUnifMax}{1.24}       %% ms, the largest distance of any
                                           %% of them from the uniform-weight -25.00
\newcommand{\archUnifPct}{25}        %% that, as a percent of one bin

