
==========
== CUDA ==
==========

CUDA Version 12.8.1

Container image Copyright (c) 2016-2023, NVIDIA CORPORATION & AFFILIATES. All rights reserved.

This container image and its contents are governed by the NVIDIA Deep Learning Container License.
By pulling and using the container, you accept the terms and conditions of this license:
https://developer.nvidia.com/ngc/nvidia-deep-learning-container-license

A copy of this license is made available in this container at /NGC-DL-CONTAINER-LICENSE for your convenience.

s5vit-small: 9.68M params, loaded strict
/usr/local/lib/python3.10/dist-packages/torch/functional.py:554: UserWarning: torch.meshgrid: in an upcoming release, it will be required to pass the indexing argument. (Triggered internally at /pytorch/aten/src/ATen/native/TensorShape.cpp:4314.)
  return _VF.meshgrid(tensors, **kwargs)  # type: ignore[attr-defined]
  seq 1, 40 samples
  seq 2, 80 samples
  seq 3, 120 samples
  seq 4, 160 samples
  seq 5, 200 samples
  seq 6, 240 samples
  seq 7, 280 samples
  seq 8, 320 samples
  seq 9, 360 samples
  seq 10, 400 samples
  seq 11, 440 samples
  seq 12, 480 samples

s5vit-small  mode bins  samples 480
  newest-window centroid   -23.91 ms   CV over bins 0.0951
  halves                   47.0 / 53.0 %   max/min 1.39
WROTE
== Timing statistics ==
TAG=small MODE=bins exit=0

==========
== CUDA ==
==========

CUDA Version 12.8.1

Container image Copyright (c) 2016-2023, NVIDIA CORPORATION & AFFILIATES. All rights reserved.

This container image and its contents are governed by the NVIDIA Deep Learning Container License.
By pulling and using the container, you accept the terms and conditions of this license:
https://developer.nvidia.com/ngc/nvidia-deep-learning-container-license

A copy of this license is made available in this container at /NGC-DL-CONTAINER-LICENSE for your convenience.

s5vit-base: 18.19M params, loaded strict
/usr/local/lib/python3.10/dist-packages/torch/functional.py:554: UserWarning: torch.meshgrid: in an upcoming release, it will be required to pass the indexing argument. (Triggered internally at /pytorch/aten/src/ATen/native/TensorShape.cpp:4314.)
  return _VF.meshgrid(tensors, **kwargs)  # type: ignore[attr-defined]
  seq 1, 40 samples
  seq 2, 80 samples
  seq 3, 120 samples
  seq 4, 160 samples
  seq 5, 200 samples
  seq 6, 240 samples
  seq 7, 280 samples
  seq 8, 320 samples
  seq 9, 360 samples
  seq 10, 400 samples
  seq 11, 440 samples
  seq 12, 480 samples

s5vit-base  mode bins  samples 480
  newest-window centroid   -24.97 ms   CV over bins 0.0735
  halves                   51.2 / 48.8 %   max/min 1.30
WROTE
== Timing statistics ==
TAG=base MODE=bins exit=0

==========
== CUDA ==
==========

CUDA Version 12.8.1

Container image Copyright (c) 2016-2023, NVIDIA CORPORATION & AFFILIATES. All rights reserved.

This container image and its contents are governed by the NVIDIA Deep Learning Container License.
By pulling and using the container, you accept the terms and conditions of this license:
https://developer.nvidia.com/ngc/nvidia-deep-learning-container-license

A copy of this license is made available in this container at /NGC-DL-CONTAINER-LICENSE for your convenience.

s5vit-small: 9.68M params, loaded strict
/usr/local/lib/python3.10/dist-packages/torch/functional.py:554: UserWarning: torch.meshgrid: in an upcoming release, it will be required to pass the indexing argument. (Triggered internally at /pytorch/aten/src/ATen/native/TensorShape.cpp:4314.)
  return _VF.meshgrid(tensors, **kwargs)  # type: ignore[attr-defined]
  seq 1, 48 samples
  seq 2, 96 samples
  seq 3, 144 samples
  seq 4, 192 samples
  seq 5, 240 samples
  seq 6, 288 samples
  seq 7, 336 samples
  seq 8, 384 samples
  seq 9, 432 samples
  seq 10, 480 samples
  seq 11, 528 samples
  seq 12, 576 samples

s5vit-small  mode support  samples 576
  newest-window centroid   +nan ms   CV over bins nan
  halves                   nan / nan %   max/min nan
  support centroid, 500 ms -25.0 ms   newest share 100.0 %
  support centroid, 500 ms -25.0 ms   newest share 100.0 %
  zeroing the state        0.0000   newest window alone 0.1401   ratio 0.00
WROTE
== Timing statistics ==
TAG=small MODE=support exit=0

==========
== CUDA ==
==========

CUDA Version 12.8.1

Container image Copyright (c) 2016-2023, NVIDIA CORPORATION & AFFILIATES. All rights reserved.

This container image and its contents are governed by the NVIDIA Deep Learning Container License.
By pulling and using the container, you accept the terms and conditions of this license:
https://developer.nvidia.com/ngc/nvidia-deep-learning-container-license

A copy of this license is made available in this container at /NGC-DL-CONTAINER-LICENSE for your convenience.

s5vit-base: 18.19M params, loaded strict
/usr/local/lib/python3.10/dist-packages/torch/functional.py:554: UserWarning: torch.meshgrid: in an upcoming release, it will be required to pass the indexing argument. (Triggered internally at /pytorch/aten/src/ATen/native/TensorShape.cpp:4314.)
  return _VF.meshgrid(tensors, **kwargs)  # type: ignore[attr-defined]
  seq 1, 48 samples
  seq 2, 96 samples
  seq 3, 144 samples
