
==========
== CUDA ==
==========

CUDA Version 12.8.1

Container image Copyright (c) 2016-2023, NVIDIA CORPORATION & AFFILIATES. All rights reserved.

This container image and its contents are governed by the NVIDIA Deep Learning Container License.
By pulling and using the container, you accept the terms and conditions of this license:
https://developer.nvidia.com/ngc/nvidia-deep-learning-container-license

A copy of this license is made available in this container at /NGC-DL-CONTAINER-LICENSE for your convenience.

s5vit-small: 9.68M params, chunk 8, positions 4..7
/usr/local/lib/python3.10/dist-packages/torch/functional.py:554: UserWarning: torch.meshgrid: in an upcoming release, it will be required to pass the indexing argument. (Triggered internally at /pytorch/aten/src/ATen/native/TensorShape.cpp:4314.)
  return _VF.meshgrid(tensors, **kwargs)  # type: ignore[attr-defined]
  seq 1, 24 samples
  seq 2, 48 samples
  seq 3, 72 samples
  seq 4, 96 samples
  seq 5, 120 samples
  seq 6, 144 samples
  seq 7, 168 samples
  seq 8, 192 samples
  seq 9, 216 samples
  seq 10, 240 samples
  seq 11, 264 samples
  seq 12, 288 samples

instrument check: zeroing the state entering the chunk changes the output at the measured positions by 0.0000 of its norm
  THE STATE IS INERT. Nothing below is a measurement of a recurrent model.
s5vit-small  samples 288
  newest-window centroid -23.758 ms   CV 0.1007   boot SE 0.066
  halves 46.7 / 53.3 %   max/min 1.42
WROTE
== Timing statistics ==
TAG=small exit=0

==========
== CUDA ==
==========

CUDA Version 12.8.1

Container image Copyright (c) 2016-2023, NVIDIA CORPORATION & AFFILIATES. All rights reserved.

This container image and its contents are governed by the NVIDIA Deep Learning Container License.
By pulling and using the container, you accept the terms and conditions of this license:
https://developer.nvidia.com/ngc/nvidia-deep-learning-container-license

A copy of this license is made available in this container at /NGC-DL-CONTAINER-LICENSE for your convenience.

s5vit-base: 18.19M params, chunk 8, positions 4..7
/usr/local/lib/python3.10/dist-packages/torch/functional.py:554: UserWarning: torch.meshgrid: in an upcoming release, it will be required to pass the indexing argument. (Triggered internally at /pytorch/aten/src/ATen/native/TensorShape.cpp:4314.)
  return _VF.meshgrid(tensors, **kwargs)  # type: ignore[attr-defined]
  seq 1, 24 samples
  seq 2, 48 samples
  seq 3, 72 samples
  seq 4, 96 samples
  seq 5, 120 samples
  seq 6, 144 samples
  seq 7, 168 samples
  seq 8, 192 samples
  seq 9, 216 samples
  seq 10, 240 samples
  seq 11, 264 samples
  seq 12, 288 samples

instrument check: zeroing the state entering the chunk changes the output at the measured positions by 0.0000 of its norm
  THE STATE IS INERT. Nothing below is a measurement of a recurrent model.
s5vit-base  samples 288
  newest-window centroid -24.723 ms   CV 0.0784   boot SE 0.106
  halves 50.8 / 49.2 %   max/min 1.27
WROTE
== Timing statistics ==
TAG=base exit=0
