
==========
== CUDA ==
==========

CUDA Version 12.8.1

Container image Copyright (c) 2016-2023, NVIDIA CORPORATION & AFFILIATES. All rights reserved.

This container image and its contents are governed by the NVIDIA Deep Learning Container License.
By pulling and using the container, you accept the terms and conditions of this license:
https://developer.nvidia.com/ngc/nvidia-deep-learning-container-license

A copy of this license is made available in this container at /NGC-DL-CONTAINER-LICENSE for your convenience.

s5vit-small: 9.68M, chunk 8
/usr/local/lib/python3.10/dist-packages/torch/functional.py:554: UserWarning: torch.meshgrid: in an upcoming release, it will be required to pass the indexing argument. (Triggered internally at /pytorch/aten/src/ATen/native/TensorShape.cpp:4314.)
  return _VF.meshgrid(tensors, **kwargs)  # type: ignore[attr-defined]
  seq 1, 6 chunks
  seq 2, 12 chunks
  seq 3, 18 chunks
  seq 4, 24 chunks
  seq 5, 30 chunks
  seq 6, 36 chunks
  seq 7, 42 chunks
  seq 8, 48 chunks
  seq 9, 54 chunks
  seq 10, 60 chunks
  seq 11, 66 chunks
  seq 12, 72 chunks

s5vit-small: relative change in the emitted detection tensor, by position in the chunk
  position   zeroing the entering state   occluding the previous window
     0            0.00000                           -  
     1            0.00000                        0.02760
     2            0.00000                        0.01923
     3            0.00000                        0.01501
     4            0.00000                        0.01305
     5            0.00000                        0.01217
     6            0.00000                        0.01141
     7            0.00000                        0.01060
WROTE
== Timing statistics ==
FAM=ssm TAG=small exit=0

==========
== CUDA ==
==========

CUDA Version 12.8.1

Container image Copyright (c) 2016-2023, NVIDIA CORPORATION & AFFILIATES. All rights reserved.

This container image and its contents are governed by the NVIDIA Deep Learning Container License.
By pulling and using the container, you accept the terms and conditions of this license:
https://developer.nvidia.com/ngc/nvidia-deep-learning-container-license

A copy of this license is made available in this container at /NGC-DL-CONTAINER-LICENSE for your convenience.

rvt-t: 4.41M, chunk 8
/usr/local/lib/python3.10/dist-packages/torch/functional.py:554: UserWarning: torch.meshgrid: in an upcoming release, it will be required to pass the indexing argument. (Triggered internally at /pytorch/aten/src/ATen/native/TensorShape.cpp:4314.)
  return _VF.meshgrid(tensors, **kwargs)  # type: ignore[attr-defined]
  seq 1, 6 chunks
  seq 2, 12 chunks
  seq 3, 18 chunks
  seq 4, 24 chunks
  seq 5, 30 chunks
  seq 6, 36 chunks
  seq 7, 42 chunks
  seq 8, 48 chunks
  seq 9, 54 chunks
  seq 10, 60 chunks
  seq 11, 66 chunks
  seq 12, 72 chunks

rvt-t: relative change in the emitted detection tensor, by position in the chunk
  position   zeroing the entering state   occluding the previous window
     0            0.08211                           -  
     1            0.06162                        0.01278
     2            0.05131                        0.01291
     3            0.04443                        0.01246
     4            0.03946                        0.01234
     5            0.03557                        0.01234
     6            0.03265                        0.01266
     7            0.03044                        0.01246
WROTE
== Timing statistics ==
FAM=rvt TAG=t exit=0

==========
== CUDA ==
==========

CUDA Version 12.8.1

Container image Copyright (c) 2016-2023, NVIDIA CORPORATION & AFFILIATES. All rights reserved.

This container image and its contents are governed by the NVIDIA Deep Learning Container License.
By pulling and using the container, you accept the terms and conditions of this license:
https://developer.nvidia.com/ngc/nvidia-deep-learning-container-license

A copy of this license is made available in this container at /NGC-DL-CONTAINER-LICENSE for your convenience.

s5vit-base: 18.19M, chunk 8
/usr/local/lib/python3.10/dist-packages/torch/functional.py:554: UserWarning: torch.meshgrid: in an upcoming release, it will be required to pass the indexing argument. (Triggered internally at /pytorch/aten/src/ATen/native/TensorShape.cpp:4314.)
  return _VF.meshgrid(tensors, **kwargs)  # type: ignore[attr-defined]
  seq 1, 6 chunks
  seq 2, 12 chunks
  seq 3, 18 chunks
  seq 4, 24 chunks
  seq 5, 30 chunks
  seq 6, 36 chunks
  seq 7, 42 chunks
  seq 8, 48 chunks
  seq 9, 54 chunks
  seq 10, 60 chunks
  seq 11, 66 chunks
  seq 12, 72 chunks

s5vit-base: relative change in the emitted detection tensor, by position in the chunk
  position   zeroing the entering state   occluding the previous window
     0            0.00000                           -  
     1            0.00000                        0.02810
     2            0.00000                        0.02138
     3            0.00000                        0.01742
     4            0.00000                        0.01598
     5            0.00000                        0.01432
     6            0.00000                        0.01392
     7            0.00000                        0.01311
WROTE
== Timing statistics ==
FAM=ssm TAG=base exit=0
