
==========
== CUDA ==
==========

CUDA Version 12.8.1

Container image Copyright (c) 2016-2023, NVIDIA CORPORATION & AFFILIATES. All rights reserved.

This container image and its contents are governed by the NVIDIA Deep Learning Container License.
By pulling and using the container, you accept the terms and conditions of this license:
https://developer.nvidia.com/ngc/nvidia-deep-learning-container-license

A copy of this license is made available in this container at /NGC-DL-CONTAINER-LICENSE for your convenience.

WARNING: The NVIDIA Driver was not detected.  GPU functionality will not be available.
   Use the NVIDIA Container Toolkit to start this container with GPU support; see
   https://docs.nvidia.com/datacenter/cloud-native/ .

zurich_city_09_a: 1134 qualifying frames, median 6 boxes each

  observed within-frame sd of t-bar      206.6 us
  analytic null  w^2/12N                  93.0 us   excess    184.5 us
  permutation null (box identity destroyed, 200 draws)      78.6 us   excess    191.1 us
  the permutation null exceeds the analytic one by a factor of 0.85
  frames whose observed sd exceeds their own permutation null: 94.1 %

  random-position boxes, same shapes (1115 frames)
    observed    339.4   analytic    133.5   permutation    113.3   excess over permutation    320.0 us

WROTE
