precomputing 17 deltas x 2 classes over 20296 frames
  delta -50 ms done
  delta -45 ms done
  delta -40 ms done
  delta -35 ms done
  delta -30 ms done
  delta -25 ms done
  delta -20 ms done
  delta -15 ms done
  delta -10 ms done
  delta -5 ms done
  delta -0 ms done
  delta +5 ms done
  delta +10 ms done
  delta +15 ms done
  delta +20 ms done
  delta +25 ms done
  delta +30 ms done

 point estimate
  delta(ms)    -50    -45    -40    -35    -30    -25    -20    -15    -10     -5     -0     +5    +10    +15    +20    +25    +30
  mAP       0.3309 0.3314 0.3324 0.3327 0.3334 0.3340 0.3344 0.3346 0.3346 0.3345 0.3346 0.3343 0.3342 0.3337 0.3332 0.3329 0.3320
  argmax -10 ms
  bootstrap 200/1000
  bootstrap 400/1000
  bootstrap 600/1000
  bootstrap 800/1000
  bootstrap 1000/1000

 argmax over 1000 frame-resamples
      -20 ms    9.7 %
      -15 ms   20.2 %
      -10 ms   36.8 %
       -5 ms    1.2 %
       -0 ms   30.3 %
       +5 ms    0.1 %
      +10 ms    1.7 %
  median -10.0 ms   95 % interval [-20, +0] ms
  fraction at or below -25 ms: 0.000
  fraction at 0 ms or later:   0.321
WROTE experiments/e37_map/argmax_bootstrap.json
