gt 40698, with velocity 27943 (68.7 %)
  speed p50:   4.00 px/s   24.94 ms = 0.100 px   box side median 41.5 px
  speed p75:  11.10 px/s   24.94 ms = 0.277 px   box side median 41.5 px
  speed p90:  22.94 px/s   24.94 ms = 0.572 px   box side median 41.5 px
  speed p99:  52.07 px/s   24.94 ms = 1.299 px   box side median 41.5 px

all moving  (n = 27943)
   delta(ms)    -50    -45    -40    -35    -30    -25    -20    -15    -10     -5     -0     +5    +10    +15    +20    +25    +30
   mAP        0.331  0.331  0.332  0.333  0.333  0.334  0.334  0.335  0.335  0.334  0.335  0.334  0.334  0.334  0.333  0.333  0.332
   argmax -10 ms   mAP(0) 0.3346   mAP(-24.94) 0.3340   cost 0.06 points (0.18 %)   span 0.37 points

slow, |v| < 10  (n = 20154)
   delta(ms)    -50    -45    -40    -35    -30    -25    -20    -15    -10     -5     -0     +5    +10    +15    +20    +25    +30
   mAP        0.265  0.265  0.265  0.265  0.266  0.266  0.266  0.266  0.266  0.266  0.266  0.266  0.266  0.266  0.266  0.266  0.265
   argmax -10 ms   mAP(0) 0.2660   mAP(-24.94) 0.2658   cost 0.02 points (0.07 %)   span 0.11 points

10 <= |v| < 25  (n = 5356)
   delta(ms)    -50    -45    -40    -35    -30    -25    -20    -15    -10     -5     -0     +5    +10    +15    +20    +25    +30
   mAP        0.273  0.273  0.274  0.274  0.275  0.276  0.276  0.276  0.276  0.276  0.276  0.276  0.276  0.275  0.274  0.274  0.273
   argmax -10 ms   mAP(0) 0.2761   mAP(-24.94) 0.2758   cost 0.04 points (0.13 %)   span 0.33 points

25 <= |v| < 50  (n = 2096)
   delta(ms)    -50    -45    -40    -35    -30    -25    -20    -15    -10     -5     -0     +5    +10    +15    +20    +25    +30
   mAP        0.279  0.280  0.282  0.282  0.284  0.285  0.286  0.286  0.287  0.286  0.286  0.286  0.286  0.285  0.284  0.283  0.281
   argmax -10 ms   mAP(0) 0.2862   mAP(-24.94) 0.2853   cost 0.09 points (0.31 %)   span 0.78 points

fast, |v| >= 50  (n = 337)
   delta(ms)    -50    -45    -40    -35    -30    -25    -20    -15    -10     -5     -0     +5    +10    +15    +20    +25    +30
   mAP        0.137  0.137  0.138  0.138  0.138  0.139  0.139  0.139  0.140  0.140  0.139  0.139  0.138  0.138  0.137  0.137  0.136
   argmax -5 ms   mAP(0) 0.1390   mAP(-24.94) 0.1389   cost 0.01 points (0.05 %)   span 0.37 points

WROTE experiments/e37_map/strata.json
