frames 20296  detections 86788  ground truth 40698
ground truth with a centered velocity: 27943 (68.7 %)

=== all ===
  delta (ms)     mAP      AP50
     -60.0   0.38494   0.69835
     -55.0   0.38566   0.69868
     -50.0   0.38636   0.69896
     -45.0   0.38675   0.69907
     -40.0   0.38740   0.69909
     -35.0   0.38765   0.69909
     -30.0   0.38815   0.69908
     -25.0   0.38851   0.69914
     -20.0   0.38884   0.69918
     -15.0   0.38897   0.69913
     -10.0   0.38904   0.69914
      -5.0   0.38897   0.69893
      -0.0   0.38900   0.69878
      +5.0   0.38882   0.69861
     +10.0   0.38871   0.69862
     +15.0   0.38837   0.69872
     +20.0   0.38801   0.69867
     +25.0   0.38773   0.69864
     +30.0   0.38718   0.69822
     +35.0   0.38666   0.69791
     +40.0   0.38600   0.69760
     +45.0   0.38533   0.69765
     +50.0   0.38467   0.69767
     +55.0   0.38374   0.69739
     +60.0   0.38294   0.69714
  argmax at -10.0 ms (parabolic +15628180.84 ms), mAP 0.38904
  mAP at the label instant      0.38900
  mAP at the evidence centroid  0.38851   cost 0.12 % of mAP, 0.05 mAP points

=== moving ===
  delta (ms)     mAP      AP50
     -60.0   0.32884   0.57868
     -55.0   0.32987   0.57946
     -50.0   0.33091   0.58009
     -45.0   0.33144   0.58023
     -40.0   0.33241   0.58024
     -35.0   0.33271   0.58024
     -30.0   0.33343   0.58023
     -25.0   0.33399   0.58040
     -20.0   0.33442   0.58048
     -15.0   0.33456   0.58042
     -10.0   0.33463   0.58045
      -5.0   0.33449   0.57996
      -0.0   0.33458   0.57978
      +5.0   0.33430   0.57949
     +10.0   0.33418   0.57951
     +15.0   0.33368   0.57965
     +20.0   0.33319   0.57959
     +25.0   0.33287   0.57952
     +30.0   0.33203   0.57840
     +35.0   0.33128   0.57768
     +40.0   0.33036   0.57707
     +45.0   0.32936   0.57712
     +50.0   0.32846   0.57707
     +55.0   0.32714   0.57650
     +60.0   0.32600   0.57594
  argmax at -10.0 ms (parabolic +185520543.62 ms), mAP 0.33463
  mAP at the label instant      0.33458
  mAP at the evidence centroid  0.33399   cost 0.18 % of mAP, 0.06 mAP points

WROTE experiments/e37_map/sweep.json
