17:41:51 launching on GPU1 (free0=2959MB free1=10690MB)

==========
== CUDA ==
==========

CUDA Version 12.8.1

Container image Copyright (c) 2016-2023, NVIDIA CORPORATION & AFFILIATES. All rights reserved.

This container image and its contents are governed by the NVIDIA Deep Learning Container License.
By pulling and using the container, you accept the terms and conditions of this license:
https://developer.nvidia.com/ngc/nvidia-deep-learning-container-license

A copy of this license is made available in this container at /NGC-DL-CONTAINER-LICENSE for your convenience.

model on cuda:0
/usr/local/lib/python3.10/dist-packages/torch/functional.py:554: UserWarning: torch.meshgrid: in an upcoming release, it will be required to pass the indexing argument. (Triggered internally at /pytorch/aten/src/ATen/native/TensorShape.cpp:4314.)
  return _VF.meshgrid(tensors, **kwargs)  # type: ignore[attr-defined]
  seq 1/12 done, 40 samples
  seq 2/12 done, 80 samples
  seq 3/12 done, 120 samples
  seq 4/12 done, 160 samples
  seq 5/12 done, 200 samples
  seq 6/12 done, 240 samples
  seq 7/12 done, 280 samples
  seq 8/12 done, 320 samples
  seq 9/12 done, 360 samples
  seq 10/12 done, 400 samples
  seq 11/12 done, 440 samples
  seq 12/12 done, 480 samples

SAMPLES 480
bin  centre_ms  influence  sem
  0     -47.5  0.01218  0.00019
  1     -42.5  0.01256  0.00020
  2     -37.5  0.01298  0.00021
  3     -32.5  0.01320  0.00021
  4     -27.5  0.01317  0.00021
  5     -22.5  0.01199  0.00017
  6     -17.5  0.01208  0.00017
  7     -12.5  0.01274  0.00020
  8      -7.5  0.01274  0.00019
  9      -2.5  0.01299  0.00020

INFLUENCE-WEIGHTED CENTROID  -24.94 ms
UNIFORM-WEIGHT REFERENCE     -25.00 ms
DIFFERENCE                   +0.06 ms
WROTE
== Timing statistics ==
exit=0
