the r distribution per stratum (E51 ground truth, the boxes the scorer keeps)
stratum           n   median     Q75     Q90     Q95  SD(ln r)
all moving    27943   0.0947  0.2712  0.5293  0.7013     1.303
10-25 px/s     5356   0.3582  0.4900  0.6241  0.7127     0.476
25-50 px/s     2096   0.6414  0.8263  0.9929  1.0774     0.370
>50 px/s        337   0.8661  1.0279  1.3558  1.7238     0.339
1. D, the |delta| at which each stratum loses p of its mAP (ms)
   model         level   all moving   10-25 px/s   25-50 px/s     >50 px/s   CV
   rvt-t          0.05         95.0         85.2         61.0         67.4  0.204
   rvt-t          0.10        140.6        123.9         88.7         98.8  0.209
   rvt-t          0.25        264.4        215.2        150.5        164.8  0.261
   rvt-s          0.05         94.5         88.2         58.9         62.9  0.234
   rvt-s          0.10        139.2        128.6         87.2         95.2  0.224
   rvt-s          0.25        264.7        221.6        145.3        160.1  0.280
   rvt-b          0.05         91.1         82.3         61.2         69.1  0.176
   rvt-b          0.10        132.5        118.8         86.4         98.2  0.189
   rvt-b          0.25        247.2        203.8        141.3        160.7  0.251
   s5vit-small    0.05         89.1         86.2         59.5         61.0  0.214
   s5vit-small    0.10        130.4        123.7         85.3         93.0  0.206
   s5vit-small    0.25        237.3        210.4        143.9        157.1  0.235
   s5vit-base     0.05         85.0         80.0         58.7         67.2  0.165
   s5vit-base     0.10        124.3        116.3         84.0         95.4  0.177
   s5vit-base     0.25        228.8        202.3        141.8        162.0  0.213
2. does any FIXED quantile of r collapse them?  (mean CV over 5 checkpoints)
   scale-setter     L=0.05   L=0.10   L=0.25  
   x Q_50(r)           0.596    0.600    0.578
   x Q_60(r)           0.519    0.522    0.496
   x Q_70(r)           0.435    0.438    0.406
   x Q_75(r)           0.389    0.391    0.358
   x Q_80(r)           0.345    0.348    0.312
   x Q_85(r)           0.291    0.294    0.259
   x Q_90(r)           0.294    0.299    0.268
   x Q_95(r)           0.334    0.341    0.316
   x Q_97(r)           0.337    0.344    0.323
   x Q_99(r)           0.364    0.371    0.353
   no rescaling        0.199    0.201    0.248   <- every fixed quantile is worse than this
3. the LEVEL-MATCHED quantile: D(L=p) x Q_{1-p}(r), which the threshold model
   predicts is the constant d*, the box-widths of displacement that break a match
   model         level   all moving   10-25 px/s   25-50 px/s     >50 px/s     CV4    CV3
   rvt-t          0.05       0.0666       0.0607       0.0657       0.1162   0.337  0.050
   rvt-s          0.05       0.0663       0.0629       0.0635       0.1085   0.294  0.028
   rvt-b          0.05       0.0639       0.0586       0.0659       0.1191   0.368  0.060
   s5vit-small    0.05       0.0625       0.0614       0.0641       0.1052   0.290  0.022
   s5vit-base     0.05       0.0596       0.0570       0.0632       0.1158   0.379  0.052
                  mean                                                        0.334  0.042
     -> d* = 0.0628 +- 0.0029 box-widths, which for a square box breaks a match at IoU 0.882
   rvt-t          0.10       0.0744       0.0773       0.0881       0.1339   0.296  0.090
   rvt-s          0.10       0.0737       0.0802       0.0865       0.1291   0.271  0.080
   rvt-b          0.10       0.0701       0.0742       0.0858       0.1332   0.319  0.106
   s5vit-small    0.10       0.0690       0.0772       0.0847       0.1262   0.285  0.102
   s5vit-base     0.10       0.0658       0.0726       0.0834       0.1294   0.326  0.120
                  mean                                                        0.299  0.100
     -> d* = 0.0775 +- 0.0070 box-widths, which for a square box breaks a match at IoU 0.856
   rvt-t          0.25       0.0717       0.1054       0.1244       0.1694   0.346  0.265
   rvt-s          0.25       0.0718       0.1086       0.1201       0.1645   0.329  0.252
   rvt-b          0.25       0.0670       0.0999       0.1168       0.1652   0.365  0.268
   s5vit-small    0.25       0.0643       0.1031       0.1189       0.1615   0.359  0.294
   s5vit-base     0.25       0.0620       0.0991       0.1172       0.1665   0.390  0.303
                  mean                                                        0.358  0.276
     -> d* = 0.0967 +- 0.0228 box-widths, which for a square box breaks a match at IoU 0.824
4. the cost of buying resolution from the tail
   stratum           n   Q95(r)  resolution  1/sqrt(n)     net
   all moving    27943   0.7013       1.00x      1.00x   1.00x
   10-25 px/s     5356   0.7127       1.02x      2.28x   0.44x
   25-50 px/s     2096   1.0774       1.54x      3.65x   0.42x
   >50 px/s        337   1.7238       2.46x      9.11x   0.27x
   resolution improves as the quantile, the standard error as 1/sqrt(n);
   every stratification of Gen1 loses that race.
WROTE experiments/e56_resolving/collapse.json
