10:21:24 launching on GPU1

==========
== CUDA ==
==========

CUDA Version 12.8.1

Container image Copyright (c) 2016-2023, NVIDIA CORPORATION & AFFILIATES. All rights reserved.

This container image and its contents are governed by the NVIDIA Deep Learning Container License.
By pulling and using the container, you accept the terms and conditions of this license:
https://developer.nvidia.com/ngc/nvidia-deep-learning-container-license

A copy of this license is made available in this container at /NGC-DL-CONTAINER-LICENSE for your convenience.

mean fill from 84 frames, swap pool 64 frames
/usr/local/lib/python3.10/dist-packages/torch/functional.py:554: UserWarning: torch.meshgrid: in an upcoming release, it will be required to pass the indexing argument. (Triggered internally at /pytorch/aten/src/ATen/native/TensorShape.cpp:4314.)
  return _VF.meshgrid(tensors, **kwargs)  # type: ignore[attr-defined]
  seq 1/12, 40 samples
  seq 2/12, 80 samples
  seq 3/12, 120 samples
  seq 4/12, 160 samples
  seq 5/12, 200 samples
  seq 6/12, 240 samples
  seq 7/12, 280 samples
  seq 8/12, 320 samples
  seq 9/12, 360 samples
  seq 10/12, 400 samples
  seq 11/12, 440 samples
  seq 12/12, 480 samples

samples 480
 instrument   centroid (ms)   CV over bins   bootstrap SE   95% CI
  zero           -24.944      0.0337        0.022      [-24.99, -24.90]
  mean           -26.272      0.1371        0.025      [-26.32, -26.22]
  swap           -25.133      0.0435        0.081      [-25.29, -24.98]
  grad           -22.359      0.1902        0.005      [-22.37, -22.35]

 uniform-weight reference: -25.00 ms
 spread of the centroid across all four instruments: -26.272 to -22.359 ms
WROTE
== Timing statistics ==
exit=0
