17:30:27 launching on GPU1

==========
== CUDA ==
==========

CUDA Version 12.8.1

Container image Copyright (c) 2016-2023, NVIDIA CORPORATION & AFFILIATES. All rights reserved.

This container image and its contents are governed by the NVIDIA Deep Learning Container License.
By pulling and using the container, you accept the terms and conditions of this license:
https://developer.nvidia.com/ngc/nvidia-deep-learning-container-license

A copy of this license is made available in this container at /NGC-DL-CONTAINER-LICENSE for your convenience.

swap pool 40 windows
/usr/local/lib/python3.10/dist-packages/torch/functional.py:554: UserWarning: torch.meshgrid: in an upcoming release, it will be required to pass the indexing argument. (Triggered internally at /pytorch/aten/src/ATen/native/TensorShape.cpp:4314.)
  return _VF.meshgrid(tensors, **kwargs)  # type: ignore[attr-defined]
  seq 1, 48 samples
  seq 2, 96 samples
  seq 3, 144 samples
  seq 4, 192 samples
  seq 5, 240 samples
  seq 6, 288 samples
  seq 7, 336 samples
  seq 8, 384 samples
  seq 9, 432 samples
  seq 10, 480 samples
  seq 11, 528 samples
  seq 12, 576 samples

samples 576
  lag   centre(ms)     zero fill        swap fill      swap/zero
    0         -25   0.02309+-0.00040   0.05620+-0.00118    2.434
    1         -75   0.01260+-0.00021   0.04083+-0.00104    3.241
    3        -175   0.00688+-0.00010   0.03378+-0.00105    4.910
    9        -475   0.00327+-0.00005   0.02691+-0.00105    8.236
   19        -975   0.00224+-0.00007   0.02565+-0.00109   11.466

  decay from lag 0 to lag 19:  zero fill 10.32x   swap fill 2.19x
  a plateau that is an artefact of the fill collapses under the swap;
  one that is dependence does not.
WROTE
== Timing statistics ==
exit=0
