17:09:23 launching on GPU1

==========
== CUDA ==
==========

CUDA Version 12.8.1

Container image Copyright (c) 2016-2023, NVIDIA CORPORATION & AFFILIATES. All rights reserved.

This container image and its contents are governed by the NVIDIA Deep Learning Container License.
By pulling and using the container, you accept the terms and conditions of this license:
https://developer.nvidia.com/ngc/nvidia-deep-learning-container-license

A copy of this license is made available in this container at /NGC-DL-CONTAINER-LICENSE for your convenience.

/usr/local/lib/python3.10/dist-packages/torch/functional.py:554: UserWarning: torch.meshgrid: in an upcoming release, it will be required to pass the indexing argument. (Triggered internally at /pytorch/aten/src/ATen/native/TensorShape.cpp:4314.)
  return _VF.meshgrid(tensors, **kwargs)  # type: ignore[attr-defined]
  seq 1, 48 samples
  seq 2, 96 samples
  seq 3, 144 samples
  seq 4, 192 samples
  seq 5, 240 samples
  seq 6, 288 samples
  seq 7, 336 samples
  seq 8, 384 samples
  seq 9, 432 samples
  seq 10, 480 samples
  seq 11, 528 samples
  seq 12, 576 samples

samples 576
 lag  window centre (ms)   influence   sem    share of total
   0          -25.0     0.02309  0.00040    22.75 %
   1          -75.0     0.01260  0.00021    12.41 %
   2         -125.0     0.00883  0.00013     8.70 %
   3         -175.0     0.00688  0.00010     6.78 %
   4         -225.0     0.00570  0.00008     5.61 %
   5         -275.0     0.00488  0.00007     4.81 %
   6         -325.0     0.00432  0.00006     4.25 %
   7         -375.0     0.00389  0.00006     3.83 %
   8         -425.0     0.00353  0.00005     3.48 %
   9         -475.0     0.00327  0.00005     3.22 %
  10         -525.0     0.00302  0.00005     2.98 %
  11         -575.0     0.00283  0.00005     2.79 %
  12         -625.0     0.00267  0.00005     2.63 %
  13         -675.0     0.00252  0.00004     2.48 %
  14         -725.0     0.00238  0.00004     2.35 %
  15         -775.0     0.00229  0.00004     2.25 %
  16         -825.0     0.00223  0.00004     2.20 %
  17         -875.0     0.00219  0.00005     2.16 %
  18         -925.0     0.00217  0.00005     2.14 %
  19         -975.0     0.00224  0.00007     2.20 %

 current window alone (E17's conditional measurement) centres at -25.00 ms
 FULL support centroid over 20 windows            -299.37 ms
 the current window carries 22.7 % of the total influence
 half the influence is reached by lag 3 (-175 ms)

 zeroing the recurrent state changes the output by 0.0867 of its norm (sem 0.0005)
   for comparison, occluding the whole current window changes it by 0.0231
WROTE
== Timing statistics ==
exit=0
