
==========
== CUDA ==
==========

CUDA Version 12.8.1

Container image Copyright (c) 2016-2023, NVIDIA CORPORATION & AFFILIATES. All rights reserved.

This container image and its contents are governed by the NVIDIA Deep Learning Container License.
By pulling and using the container, you accept the terms and conditions of this license:
https://developer.nvidia.com/ngc/nvidia-deep-learning-container-license

A copy of this license is made available in this container at /NGC-DL-CONTAINER-LICENSE for your convenience.

WARNING: The NVIDIA Driver was not detected.  GPU functionality will not be available.
   Use the NVIDIA Container Toolkit to start this container with GPU support; see
   https://docs.nvidia.com/datacenter/cloud-native/ .

1) the frame the clip shows: 407942 events over 14996 us
   all  peak   20.0 Hz   Z(100)=  31573.7  Z(200)=  11757.4  ratio 200/100 =   0.37
   ON   peak   20.0 Hz   Z(100)=  25253.0  Z(200)=    355.0  ratio 200/100 =   0.01
   OFF  peak   20.0 Hz   Z(100)= 111396.0  Z(200)=  23394.6  ratio 200/100 =   0.21

2) the whole sequence, 400000 events subsampled from 1789706436
   all  peak  200.00 Hz   Z(100)=       65.1  Z(200)=     1664.3  ratio 200/100 =  25.584
        strongest frequencies: [np.int64(20), np.int64(22), np.int64(24), np.int64(25), np.int64(26), np.int64(28), np.int64(29), np.int64(30), np.int64(31), np.int64(32), np.int64(34), np.int64(35)]
   ON   peak  200.00 Hz   Z(100)=      221.9  Z(200)=      239.7  ratio 200/100 =   1.080
   OFF  peak  200.00 Hz   Z(100)=      634.7  Z(200)=     1754.6  ratio 200/100 =   2.764

WROTE
