
==========
== CUDA ==
==========

CUDA Version 12.8.1

Container image Copyright (c) 2016-2023, NVIDIA CORPORATION & AFFILIATES. All rights reserved.

This container image and its contents are governed by the NVIDIA Deep Learning Container License.
By pulling and using the container, you accept the terms and conditions of this license:
https://developer.nvidia.com/ngc/nvidia-deep-learning-container-license

A copy of this license is made available in this container at /NGC-DL-CONTAINER-LICENSE for your convenience.

WARNING: The NVIDIA Driver was not detected.  GPU functionality will not be available.
   Use the NVIDIA Container Toolkit to start this container with GPU support; see
   https://docs.nvidia.com/datacenter/cloud-native/ .

406 sequences, 20296 labelled frames, CHUNK=21 SHIFT=5

0. the replay places chunk starts by the dumper's own expression
  [PASS] e51_dump_all.py still reads start=max(int(o2r[0])-CHUNK+1,0)+SHIFT  found 1 times in /work/src/e51_dump_all.py

1. SHIFT=0 replay vs the positions the released protocol actually recorded
  [PASS] the shifted start is inert at SHIFT=0  asserted per sequence above
  [PASS] frame count  replay 20296  recorded 20296
  [PASS] every position identical  0 differ

2. new position == (old - 5) mod 21
  [PASS] every covered frame rotates  0 of 20189 do not

3. frames covered by a chunk
  [PASS] uncovered frames under 3 % of the split  107 of 20296 (0.53 %), old 0

4. short(0, 4) / full(16, 21) block exchange
     old-short -> new-full :   3574 /   3672
     old-full  -> new-short:      0 /   5069
  [PASS] one direction carries its whole block  best 97.3%
  [PASS] e60_paired.py direction (short -> full) populated  3574 frames, which is the set that experiment scores
     unchanged position     :      0 /  20296

   for comparison, boundaries 5 windows EARLIER instead - the variant that
   ran first, whose subtraction from an already-clamped start is a no-op:
     old-short -> new-full :      0 /   3672
     old-full  -> new-short:   1094 /   5069
     unchanged position     :  14927 /  20296

   (old - new) mod 21 histogram, fixed shift wants a single bar at 5:
       5   20189

WROTE experiments/e60_shift/positions-shift5.npz

VERIFIED - safe to claim GPU 1
