
==========
== CUDA ==
==========

CUDA Version 12.8.1

Container image Copyright (c) 2016-2023, NVIDIA CORPORATION & AFFILIATES. All rights reserved.

This container image and its contents are governed by the NVIDIA Deep Learning Container License.
By pulling and using the container, you accept the terms and conditions of this license:
https://developer.nvidia.com/ngc/nvidia-deep-learning-container-license

A copy of this license is made available in this container at /NGC-DL-CONTAINER-LICENSE for your convenience.

WARNING: The NVIDIA Driver was not detected.  GPU functionality will not be available.
   Use the NVIDIA Container Toolkit to start this container with GPU support; see
   https://docs.nvidia.com/datacenter/cloud-native/ .

grid 60-300 Hz, 241 points; line band 40 points, sham band 40 points
  zurich_city_00_a     boxes  2914  R(100 Hz) median     0.13   R(137 Hz) median   0.09   boxes above the sham p99 (0.9):   9.44 %
  zurich_city_01_a     boxes  2134  R(100 Hz) median     0.41   R(137 Hz) median   0.15   boxes above the sham p99 (1.0):  16.31 %
  zurich_city_02_a     boxes   619  R(100 Hz) median     0.59   R(137 Hz) median   0.12   boxes above the sham p99 (1.0):  13.09 %
  zurich_city_03_a     boxes   241  R(100 Hz) median     1.00   R(137 Hz) median   0.18   boxes above the sham p99 (1.5):   1.24 %
  zurich_city_09_a     boxes  6997  R(100 Hz) median     0.99   R(137 Hz) median   0.11   boxes above the sham p99 (1.0):  38.76 %
  zurich_city_10_a     boxes  3611  R(100 Hz) median     0.47   R(137 Hz) median   0.10   boxes above the sham p99 (0.9):  36.44 %

pooled over 16516 boxes of all six sequences
  R at the 200 Hz line : median 0.76, p10 0.05, p90 1.13
  R at the 137 Hz sham : median 0.11, p99 1.00
  ratio of medians                       7.1x
  boxes whose line exceeds the sham p99  28.43 %
  boxes whose line exceeds the sham median 81.19 %
  the pooled median spectrum peaks at: 96 Hz (5.6), 95 Hz (5.6), 94 Hz (5.6), 97 Hz (5.6), 93 Hz (5.6)
WROTE local_excess.json
