17:02:31 launching on GPU1

==========
== CUDA ==
==========

CUDA Version 12.8.1

Container image Copyright (c) 2016-2023, NVIDIA CORPORATION & AFFILIATES. All rights reserved.

This container image and its contents are governed by the NVIDIA Deep Learning Container License.
By pulling and using the container, you accept the terms and conditions of this license:
https://developer.nvidia.com/ngc/nvidia-deep-learning-container-license

A copy of this license is made available in this container at /NGC-DL-CONTAINER-LICENSE for your convenience.

/usr/local/lib/python3.10/dist-packages/torch/functional.py:554: UserWarning: torch.meshgrid: in an upcoming release, it will be required to pass the indexing argument. (Triggered internally at /pytorch/aten/src/ATen/native/TensorShape.cpp:4314.)
  return _VF.meshgrid(tensors, **kwargs)  # type: ignore[attr-defined]
/work/src/e21_effective_output_time.py:111: DeprecationWarning: Arrays of 2-dimensional vectors are deprecated. Use arrays of 3-dimensional vectors instead. (deprecated in NumPy 2.0)
  epar=float(np.dot(pc-gc,u)); eperp=float(np.cross(u,pc-gc))
  10 seqs, 278 matches
  20 seqs, 377 matches
  30 seqs, 660 matches
  40 seqs, 883 matches

MATCHES 883   median speed 25.5 px/s   median IoU 0.898
RATIO ESTIMATOR  delta = e_par/|v|  (divergent variance at small |v|)
  mean +25.920 ms   median +0.426 ms   SE 6.640
REGRESSION ESTIMATOR  e_par = tau |v|  (no division)
  tau = +33.238 ms   SE 5.910 ms   -> 5.6 SE from zero
  cross-track null slope +8.613 ms   SE 2.052
  by speed tercile:
    v in [ 15.0,  21.0) n= 294  tau=+11.110 ms  SE 12.439
    v in [ 21.0,  31.6) n= 304  tau=+35.070 ms  SE 12.170
    v in [ 31.6,  84.3) n= 293  tau=+35.580 ms  SE 9.037

RESIDUAL OFFSETS (px, should be ~0 if the model is unbiased in space)
  along-track mean +0.8617 px    cross-track mean +0.2805 px
WROTE
== Timing statistics ==
exit=0
