
==========
== CUDA ==
==========

CUDA Version 12.8.1

Container image Copyright (c) 2016-2023, NVIDIA CORPORATION & AFFILIATES. All rights reserved.

This container image and its contents are governed by the NVIDIA Deep Learning Container License.
By pulling and using the container, you accept the terms and conditions of this license:
https://developer.nvidia.com/ngc/nvidia-deep-learning-container-license

A copy of this license is made available in this container at /NGC-DL-CONTAINER-LICENSE for your convenience.

/usr/local/lib/python3.10/dist-packages/torch/functional.py:554: UserWarning: torch.meshgrid: in an upcoming release, it will be required to pass the indexing argument. (Triggered internally at /pytorch/aten/src/ATen/native/TensorShape.cpp:4314.)
  return _VF.meshgrid(tensors, **kwargs)  # type: ignore[attr-defined]
/work/src/e21_effective_output_time.py:111: DeprecationWarning: Arrays of 2-dimensional vectors are deprecated. Use arrays of 3-dimensional vectors instead. (deprecated in NumPy 2.0)
  epar=float(np.dot(pc-gc,u)); eperp=float(np.cross(u,pc-gc))
  10 seqs, 278 matches
  20 seqs, 377 matches
  30 seqs, 660 matches
  40 seqs, 883 matches
  50 seqs, 990 matches
  60 seqs, 1130 matches

MATCHES 1130   median speed 26.1 px/s   median IoU 0.901
RATIO ESTIMATOR  delta = e_par/|v|  (divergent variance at small |v|)
  mean +19.738 ms   median -1.674 ms   SE 5.481
REGRESSION ESTIMATOR  e_par = tau |v|  (no division)
  tau = +29.899 ms   SE 4.940 ms   -> 6.1 SE from zero
  cross-track null slope +10.023 ms   SE 1.666
  by speed tercile:
    v in [ 15.0,  21.2) n= 376  tau= +2.673 ms  SE 10.562
    v in [ 21.2,  32.5) n= 386  tau=+27.605 ms  SE 9.706
    v in [ 32.5,  87.3) n= 373  tau=+34.671 ms  SE 7.703

RESIDUAL OFFSETS (px, should be ~0 if the model is unbiased in space)
  along-track mean +0.7299 px    cross-track mean +0.3077 px
WROTE
== Timing statistics ==
