
==========
== CUDA ==
==========

CUDA Version 12.8.1

Container image Copyright (c) 2016-2023, NVIDIA CORPORATION & AFFILIATES. All rights reserved.

This container image and its contents are governed by the NVIDIA Deep Learning Container License.
By pulling and using the container, you accept the terms and conditions of this license:
https://developer.nvidia.com/ngc/nvidia-deep-learning-container-license

A copy of this license is made available in this container at /NGC-DL-CONTAINER-LICENSE for your convenience.

/usr/local/lib/python3.10/dist-packages/torch/functional.py:554: UserWarning: torch.meshgrid: in an upcoming release, it will be required to pass the indexing argument. (Triggered internally at /pytorch/aten/src/ATen/native/TensorShape.cpp:4314.)
  return _VF.meshgrid(tensors, **kwargs)  # type: ignore[attr-defined]
/work/src/e21_effective_output_time.py:111: DeprecationWarning: Arrays of 2-dimensional vectors are deprecated. Use arrays of 3-dimensional vectors instead. (deprecated in NumPy 2.0)
  epar=float(np.dot(pc-gc,u)); eperp=float(np.cross(u,pc-gc))
  10 seqs, 278 matches
  20 seqs, 377 matches
  30 seqs, 660 matches
  40 seqs, 883 matches
  50 seqs, 990 matches
  60 seqs, 1130 matches
  70 seqs, 1438 matches
  80 seqs, 1641 matches
  90 seqs, 1698 matches
  100 seqs, 1730 matches
  110 seqs, 1756 matches
  120 seqs, 1816 matches

MATCHES 1816   median speed 26.2 px/s   median IoU 0.892
RATIO ESTIMATOR  delta = e_par/|v|  (divergent variance at small |v|)
  mean +12.111 ms   median -2.091 ms   SE 4.509
REGRESSION WITH INTERCEPT  e_par = b + tau |v|
  fixed spatial bias b = -0.3946 px   SE 0.2981   -> 1.3 SE
  tau = +28.141 ms   SE 8.932 ms   -> 3.2 SE from zero
  cross-track: b = +0.0178 px (SE 0.1312), slope = +5.115 ms (SE 3.930)  -> slope 1.3 SE
  by speed tercile, intercept fitted within each:
    v in [ 15.0,  21.6) n= 599  b=-0.113 px  tau=  +6.133 ms (SE 87.948)
    v in [ 21.6,  33.0) n= 621  b=+0.457 px  tau=  -1.555 ms (SE 62.445)
    v in [ 33.0, 106.0) n= 600  b=+0.017 px  tau= +19.899 ms (SE 21.521)

RESIDUAL OFFSETS (px, should be ~0 if the model is unbiased in space)
  along-track mean +0.4576 px    cross-track mean +0.1727 px
WROTE
== Timing statistics ==
