
==========
== CUDA ==
==========

CUDA Version 12.8.1

Container image Copyright (c) 2016-2023, NVIDIA CORPORATION & AFFILIATES. All rights reserved.

This container image and its contents are governed by the NVIDIA Deep Learning Container License.
By pulling and using the container, you accept the terms and conditions of this license:
https://developer.nvidia.com/ngc/nvidia-deep-learning-container-license

A copy of this license is made available in this container at /NGC-DL-CONTAINER-LICENSE for your convenience.

/usr/local/lib/python3.10/dist-packages/torch/functional.py:554: UserWarning: torch.meshgrid: in an upcoming release, it will be required to pass the indexing argument. (Triggered internally at /pytorch/aten/src/ATen/native/TensorShape.cpp:4314.)
  return _VF.meshgrid(tensors, **kwargs)  # type: ignore[attr-defined]
/work/src/e21_effective_output_time.py:111: DeprecationWarning: Arrays of 2-dimensional vectors are deprecated. Use arrays of 3-dimensional vectors instead. (deprecated in NumPy 2.0)
  epar=float(np.dot(pc-gc,u)); eperp=float(np.cross(u,pc-gc))
  10 seqs, 278 matches
  20 seqs, 377 matches
  30 seqs, 660 matches
  40 seqs, 883 matches
  50 seqs, 990 matches
  60 seqs, 1130 matches
  70 seqs, 1438 matches
  80 seqs, 1641 matches
  90 seqs, 1698 matches
  100 seqs, 1730 matches
  110 seqs, 1756 matches
  120 seqs, 1816 matches
  130 seqs, 1867 matches
  140 seqs, 1927 matches
  150 seqs, 1956 matches
  160 seqs, 1999 matches
  170 seqs, 2055 matches
  180 seqs, 2136 matches
  200 seqs, 2235 matches

MATCHES 2235   median speed 26.2 px/s   median IoU 0.895
RATIO ESTIMATOR  delta = e_par/|v|  (divergent variance at small |v|)
  mean +7.125 ms   median -3.226 ms   SE 4.189
REGRESSION WITH INTERCEPT  e_par = b + tau |v|
  fixed spatial bias b = -0.3403 px   SE 0.2793   -> 1.2 SE
  tau = +21.113 ms   SE 8.378 ms   -> 2.5 SE from zero
  cross-track: b = +0.0352 px (SE 0.1137), slope = +5.471 ms (SE 3.409)  -> slope 1.6 SE
WITH BOX SIZE AS A THIRD REGRESSOR  e_par = b + tau|v| + c*sqrt(area)
  b   = -0.9129 px  SE 0.3393
  tau = +11.880 ms  SE 8.926  -> 1.3 SE
  c   = +0.01622 px/px SE 0.00548  -> 3.0 SE
  correlation(|v|, box size) = +0.349
  cross-track slope -0.190 ms SE 3.623 -> 0.1 SE
  by speed tercile, intercept fitted within each:
    v in [ 15.0,  21.8) n= 740  b=-1.557 px  tau= +85.585 ms (SE 80.875)
    v in [ 21.8,  33.0) n= 763  b=-0.172 px  tau= +15.331 ms (SE 56.428)
    v in [ 33.0, 106.0) n= 742  b=+0.199 px  tau= +10.175 ms (SE 20.760)

RESIDUAL OFFSETS (px, should be ~0 if the model is unbiased in space)
  along-track mean +0.2991 px    cross-track mean +0.2009 px
WROTE
== Timing statistics ==
