
==========
== CUDA ==
==========

CUDA Version 12.8.1

Container image Copyright (c) 2016-2023, NVIDIA CORPORATION & AFFILIATES. All rights reserved.

This container image and its contents are governed by the NVIDIA Deep Learning Container License.
By pulling and using the container, you accept the terms and conditions of this license:
https://developer.nvidia.com/ngc/nvidia-deep-learning-container-license

A copy of this license is made available in this container at /NGC-DL-CONTAINER-LICENSE for your convenience.

WARNING: The NVIDIA Driver was not detected.  GPU functionality will not be available.
   Use the NVIDIA Container Toolkit to start this container with GPU support; see
   https://docs.nvidia.com/datacenter/cloud-native/ .

zurich_city_00_a     n= 1513  BOX +0.3010  RING +0.3426  PAIRED box-ring -0.0415 (1.8SE)  core-ring -0.0825 (3.5SE)
zurich_city_01_a     n= 1124  BOX +0.1921  RING +0.2617  PAIRED box-ring -0.0697 (2.5SE)  core-ring -0.1779 (6.2SE)
zurich_city_02_a     n=  210  BOX +0.0361  RING +0.1245  PAIRED box-ring -0.0884 (1.6SE)  core-ring -0.1234 (2.2SE)
zurich_city_03_a     n=  207  BOX -0.0872  RING +0.0414  PAIRED box-ring -0.1286 (2.1SE)  core-ring -0.2070 (3.4SE)
zurich_city_09_a     n= 5189  BOX +0.1736  RING +0.1001  PAIRED box-ring +0.0735 (6.5SE)  core-ring +0.0251 (2.0SE)
zurich_city_10_a     n= 2031  BOX +0.1743  RING +0.1368  PAIRED box-ring +0.0375 (1.7SE)  core-ring -0.0463 (2.1SE)

PAIRED EXCESS over each box's own local background: weighted mean +0.0264
  sequences positive: 2/6
verdict: a positive paired excess means the object carries alignment its own
surrounding background does not. Ego-motion is common to both and cancels.
WROTE
