
==========
== CUDA ==
==========

CUDA Version 12.8.1

Container image Copyright (c) 2016-2023, NVIDIA CORPORATION & AFFILIATES. All rights reserved.

This container image and its contents are governed by the NVIDIA Deep Learning Container License.
By pulling and using the container, you accept the terms and conditions of this license:
https://developer.nvidia.com/ngc/nvidia-deep-learning-container-license

A copy of this license is made available in this container at /NGC-DL-CONTAINER-LICENSE for your convenience.

/usr/local/lib/python3.10/dist-packages/torch/functional.py:554: UserWarning: torch.meshgrid: in an upcoming release, it will be required to pass the indexing argument. (Triggered internally at /pytorch/aten/src/ATen/native/TensorShape.cpp:4314.)
  return _VF.meshgrid(tensors, **kwargs)  # type: ignore[attr-defined]
/work/src/e23_acceleration.py:119: DeprecationWarning: Arrays of 2-dimensional vectors are deprecated. Use arrays of 3-dimensional vectors instead. (deprecated in NumPy 2.0)
  epar=float(np.dot(pc-gc,u)); eperp=float(np.cross(u,pc-gc))
  10 seqs, 251 matches
  20 seqs, 352 matches
  30 seqs, 676 matches
  40 seqs, 985 matches
  50 seqs, 1099 matches
  60 seqs, 1249 matches
  70 seqs, 1529 matches
  80 seqs, 1718 matches
  90 seqs, 1788 matches
  100 seqs, 1819 matches
  110 seqs, 1864 matches
  120 seqs, 1938 matches
  130 seqs, 2002 matches
  140 seqs, 2075 matches
  150 seqs, 2109 matches
  160 seqs, 2159 matches
  170 seqs, 2215 matches
  180 seqs, 2315 matches
  200 seqs, 2422 matches
  210 seqs, 2503 matches
  220 seqs, 2728 matches
  230 seqs, 2966 matches
  240 seqs, 3730 matches
  250 seqs, 4332 matches

MATCHES 4332   median speed 19.0 px/s   median IoU 0.892
acceleration px/s^2: p25 10.0 med 16.5 p75 29.7 p95 77.3
corr(acc, |v|) = +0.360   corr(acc, size) = +0.327

|along-track error| = b + b1|v| + b2 size + b3 acc
  intercept     -3.426586  SE 0.147581  -> 23.2 SE
  speed         -0.014598  SE 0.004555  -> 3.2 SE
  size          +0.121545  SE 0.002640  -> 46.0 SE
  ACCELERATION  +0.019783  SE 0.001981  -> 10.0 SE
  cross-track null, acceleration term: +0.011735 SE 0.000874 -> 13.4 SE

by acceleration quartile (median |along| and |cross| error, px):
  Q1 a in [    0.0,    10.0)  n= 1196  |along| 0.7159  |cross| 0.5036  ratio 1.422
  Q2 a in [   10.0,    16.5)  n= 1090  |along| 0.7861  |cross| 0.5525  ratio 1.423
  Q3 a in [   16.5,    29.7)  n= 1113  |along| 1.1073  |cross| 0.6669  ratio 1.660
  Q4 a in [   29.7,   346.2)  n= 1099  |along| 2.7635  |cross| 1.0674  ratio 2.589
WROTE
== Timing statistics ==
