rows 35523  sequences 406

=== 1. SIGN-FLIP CONTROL: the same fit under three velocity estimators ===
   a forward difference shares the label-centre noise with the residual and
   manufactures a lag; a backward difference manufactures the opposite one.
  velocity = fwd                     n=22376 med|v|=  7.1  tau= -14.68+- 4.99 ms ( 2.9SE)   placebo=  -6.53+- 1.68 ms ( 3.9SE)
  velocity = back                    n=22411 med|v|=  7.1  tau= +45.65+- 5.59 ms ( 8.2SE)   placebo=  -6.15+- 1.71 ms ( 3.6SE)
  velocity = centered                n=22534 med|v|=  5.4  tau= +17.51+- 5.06 ms ( 3.5SE)   placebo=  -7.76+- 1.92 ms ( 4.0SE)

=== 2. MAIN SPECIFICATION (centered velocity) ===
  v only                             n=22534 med|v|=  5.4  tau= +17.51+- 5.06 ms ( 3.5SE)   placebo=  -7.76+- 1.92 ms ( 4.0SE)
  v + size*u                         n=22534 med|v|=  5.4  tau= +14.62+- 5.47 ms ( 2.7SE)   placebo=  -7.75+- 1.91 ms ( 4.0SE)
  v + acceleration                   n=22534 med|v|=  5.4  tau= +20.52+- 5.53 ms ( 3.7SE)   placebo=  -7.91+- 1.94 ms ( 4.1SE)
  v + size + accel                   n=22534 med|v|=  5.4  tau= +17.64+- 5.86 ms ( 3.0SE)   placebo=  -7.90+- 1.94 ms ( 4.1SE)

=== 3. ROBUSTNESS ===
  match IoU >= 0.3                   n=22534 med|v|=  5.4  tau= +14.62+- 5.47 ms ( 2.7SE)   placebo=  -7.75+- 1.91 ms ( 4.0SE)
  match IoU >= 0.5                   n=21877 med|v|=  5.5  tau= +13.42+- 5.00 ms ( 2.7SE)   placebo=  -6.05+- 1.68 ms ( 3.6SE)
  match IoU >= 0.7                   n=19629 med|v|=  5.5  tau=  +7.48+- 4.22 ms ( 1.8SE)   placebo=  -5.14+- 1.43 ms ( 3.6SE)
  speed floor 0 px/s                 n=22534 med|v|=  5.4  tau= +14.62+- 5.47 ms ( 2.7SE)   placebo=  -7.75+- 1.91 ms ( 4.0SE)
  speed floor 10 px/s                n= 7471 med|v|= 18.7  tau= +11.44+- 9.49 ms ( 1.2SE)   placebo=  -5.17+- 1.54 ms ( 3.4SE)
  speed floor 15 px/s                n= 5005 med|v|= 24.3  tau=  +3.76+-11.98 ms ( 0.3SE)   placebo=  -4.45+- 1.56 ms ( 2.8SE)
  speed floor 25 px/s                n= 2405 med|v|= 34.4  tau=  -3.58+-18.40 ms ( 0.2SE)   placebo=  -3.74+- 1.65 ms ( 2.3SE)

=== 4. CLUSTER BOOTSTRAP over sequences (main + size) ===
  tau     median  +14.58 ms   95% CI [+3.22, +25.18]   P(tau<=0) = 0.0090
  placebo median   -7.74 ms   95% CI [-12.05, -3.92]   P(|placebo|>=|tau|) = 0.1420

=== 5. ERRORS-IN-VARIABLES ATTENUATION ===
   label-centre noise, E28 measured on Gen1: sigma = 0.6515 px per axis
   Var(v_observed) =    110.6 (px/s)^2   Var(v_noise) =      0.6   attenuation lambda = 0.995
   the attenuation biases tau TOWARD zero; the corrected value is tau/lambda
   tau = +14.62 ms  ->  corrected +14.70 ms (SE 5.50)

=== 6. WHAT THE OLD ESTIMATORS GAVE ON THESE SAME ROWS ===
  signed  (E21/E24 style)    along-speed  -39.15 ms ( 3.7SE)  cross   -2.55 ms ( 0.8SE)  diff  -36.60 ms
  magnitude (E24 as run)     along-speed  -53.07 ms ( 5.3SE)  cross  -29.39 ms ( 5.9SE)  diff  -23.68 ms
  (both are shown with sequence-clustered SEs; the earlier runs used OLS SEs)

WROTE experiments/e27_rows/fit.json
