
=== 0. baseline (E27 main + size) ===
  all rows                                 n= 22534  tau= +14.62+- 5.47 ( 2.7SE)   placebo=  -7.75+- 1.91 ( 4.0SE)

=== 1. split by the sign of the horizontal velocity ===
   a rotational term keeps its sign under this split; a vertical-bias alias flips it
  v_x > 0 (moving right)                   n= 12539  tau= +23.63+- 8.45 ( 2.8SE)   placebo= -27.99+- 3.82 ( 7.3SE)
  v_x < 0 (moving left)                    n=  8934  tau=  +6.13+-12.37 ( 0.5SE)   placebo= +21.84+- 5.47 ( 4.0SE)

=== 2. split by image side ===
  box centre left of 144 px                n= 11190  tau= +18.19+- 6.24 ( 2.9SE)   placebo=  -6.21+- 2.22 ( 2.8SE)
  box centre right of 144 px               n= 11344  tau=  -4.80+- 7.56 ( 0.6SE)   placebo=  -3.79+- 2.38 ( 1.6SE)

=== 3. does a vertical geometric regressor absorb it? ===
  + box height along yhat                  n= 22534  tau= +14.86+- 5.42 ( 2.7SE)   placebo=  -7.71+- 1.92 ( 4.0SE)
  + image row along yhat                   n= 22534  tau= +14.67+- 5.46 ( 2.7SE)   placebo=  -9.45+- 2.33 ( 4.1SE)
  + height and row along yhat              n= 22534  tau= +14.91+- 5.41 ( 2.8SE)   placebo=  -9.39+- 2.25 ( 4.2SE)
  + height, row, column, width             n= 22534  tau=  -7.62+- 7.01 ( 1.1SE)   placebo=  -4.12+- 1.90 ( 2.2SE)

=== 4. a constant vector per sequence ===
  per-sequence bias vectors                n= 22534  tau=  +9.91+- 5.78 ( 1.7SE)   placebo=  -6.43+- 1.75 ( 3.7SE)
  per-sequence bias + four geometric       n= 22534  tau=  -2.40+- 7.18 ( 0.3SE)   placebo=  -2.66+- 1.71 ( 1.6SE)

=== 5. by class ===
  class 0                                  n= 22027  tau= +15.35+- 5.64 ( 2.7SE)   placebo=  -8.20+- 2.03 ( 4.0SE)
  class 1                                  n=   507  tau=  -0.32+-11.04 ( 0.0SE)   placebo= +13.25+-16.29 ( 0.8SE)

=== 6. the same, restricted to objects that actually move ===
  |v| >= 5 px/s, full controls             n= 11881  tau=  -2.92+- 9.05 ( 0.3SE)   placebo=  -1.47+- 1.62 ( 0.9SE)
  |v| >= 10 px/s, full controls            n=  7471  tau=  -4.95+-11.01 ( 0.4SE)   placebo=  -1.56+- 1.62 ( 1.0SE)
  |v| >= 15 px/s, full controls            n=  5005  tau=  -7.85+-13.34 ( 0.6SE)   placebo=  -0.43+- 1.46 ( 0.3SE)
  |v| >= 20 px/s, full controls            n=  3421  tau= -20.24+-14.78 ( 1.4SE)   placebo=  +0.10+- 1.54 ( 0.1SE)

=== 7. detection floor: what lag would this sample have shown? ===
   with all controls, tau = -2.40 +- 7.18 ms
   two-sided 95% exclusion: |tau| > 14.4 ms is ruled out
   the influence centroid to be compared against is 24.94 ms

WROTE experiments/e27_rows/placebo_diag.json
