08:37:30 launching on GPU1

==========
== CUDA ==
==========

CUDA Version 12.8.1

Container image Copyright (c) 2016-2023, NVIDIA CORPORATION & AFFILIATES. All rights reserved.

This container image and its contents are governed by the NVIDIA Deep Learning Container License.
By pulling and using the container, you accept the terms and conditions of this license:
https://developer.nvidia.com/ngc/nvidia-deep-learning-container-license

A copy of this license is made available in this container at /NGC-DL-CONTAINER-LICENSE for your convenience.

/usr/local/lib/python3.10/dist-packages/torch/functional.py:554: UserWarning: torch.meshgrid: in an upcoming release, it will be required to pass the indexing argument. (Triggered internally at /pytorch/aten/src/ATen/native/TensorShape.cpp:4314.)
  return _VF.meshgrid(tensors, **kwargs)  # type: ignore[attr-defined]
  25/429 seqs, 1810 rows
  50/429 seqs, 3801 rows
  75/429 seqs, 6126 rows
  100/429 seqs, 6661 rows
  150/429 seqs, 7573 rows
  175/429 seqs, 8010 rows
  200/429 seqs, 8449 rows
  225/429 seqs, 9574 rows
  250/429 seqs, 15280 rows
  275/429 seqs, 17029 rows
  300/429 seqs, 22174 rows
  325/429 seqs, 24862 rows
  350/429 seqs, 28116 rows
  375/429 seqs, 29590 rows
  400/429 seqs, 30347 rows
  425/429 seqs, 33981 rows

WROTE /work/experiments/e27_rows/rows.npz  shape (35523, 18)  sequences 406
  with forward velocity : 27708
  with both directions  : 24563
== Timing statistics ==
exit=0
