
==========
== CUDA ==
==========

CUDA Version 12.8.1

Container image Copyright (c) 2016-2023, NVIDIA CORPORATION & AFFILIATES. All rights reserved.

This container image and its contents are governed by the NVIDIA Deep Learning Container License.
By pulling and using the container, you accept the terms and conditions of this license:
https://developer.nvidia.com/ngc/nvidia-deep-learning-container-license

A copy of this license is made available in this container at /NGC-DL-CONTAINER-LICENSE for your convenience.

WARNING: The NVIDIA Driver was not detected.  GPU functionality will not be available.
   Use the NVIDIA Container Toolkit to start this container with GPU support; see
   https://docs.nvidia.com/datacenter/cloud-native/ .

  zurich_city_00_a     (ceiling        )  peak  300.00 Hz   50:     1.3  100:    13.4  150:     0.0  200:    29.7  250:     0.7  300:    37.3  400:     0.6
  zurich_city_01_a     (ceiling        )  peak  200.00 Hz   50:     1.9  100:    25.2  150:     0.8  200:    47.1  250:     0.9  300:     0.9  400:    10.3
  zurich_city_02_a     (ceiling        )  peak  300.00 Hz   50:     0.6  100:    21.4  150:     3.8  200:    14.7  250:     2.0  300:   411.6  400:    27.3
  zurich_city_03_a     (ceiling        )  peak  200.00 Hz   50:     5.6  100:   181.3  150:     5.2  200:   309.9  250:     2.7  300:     2.1  400:     1.8
  zurich_city_09_a     (ceiling        )  peak  200.00 Hz   50:     1.7  100:   119.4  150:     6.0  200:  2517.6  250:     7.3  300:    18.4  400:     4.9
  zurich_city_10_a     (ceiling        )  peak  200.00 Hz   50:     2.5  100:    34.8  150:     8.5  200:   202.6  250:     1.2  300:    11.7  400:    15.3
  interlaken_00_c      (daytime control)  peak  400.25 Hz   50:     0.4  100:     0.5  150:     0.1  200:     6.2  250:     1.9  300:     1.3  400:     3.5

  ratios are the line over the median of its own +-15 Hz neighbourhood
  a rectified 50 Hz source has no odd-50 Hz harmonics: 50, 150 and 250 are the check
     50 Hz  ceiling median       1.8   min      0.6   max       5.6   daytime     0.4
    100 Hz  ceiling median      30.0   min     13.4   max     181.3   daytime     0.5
    150 Hz  ceiling median       4.5   min      0.0   max       8.5   daytime     0.1
    200 Hz  ceiling median     124.8   min     14.7   max    2517.6   daytime     6.2
    250 Hz  ceiling median       1.6   min      0.7   max       7.3   daytime     1.9
    300 Hz  ceiling median      15.1   min      0.9   max     411.6   daytime     1.3
    400 Hz  ceiling median       7.6   min      0.6   max      27.3   daytime     3.5

WROTE
